   Compiling android-sender v0.1.0 (/app/senders/android)
    Finished `release` profile [optimized] target(s) in 3m 03s
